// Jest Snapshot v1, https://goo.gl/fbAQLP

exports[`DesignSystem - tokens 1`] = `
Object {
  "breakpoint": Array [
    "40em",
    "52em",
    "64em",
    "80em",
  ],
  "focus": "white 0px 0px 0px 1px, 0px 0px 2px 3px black",
  "font": Object {
    "fontSize": Object {
      "l": 22,
      "m": 16,
      "s": 13,
      "xl": 26,
      "xs": 11,
      "xxl": 36,
      "xxxl": 0,
      "xxxxl": 0,
      "xxxxxl": 0,
    },
    "lineHeight": Object {
      "dense": 1.25,
      "none": 1.12,
      "normal": 1.375,
    },
  },
  "palette": Object {
    "red50": "red",
  },
  "shadow": Object {
    "1": "",
    "2": "",
    "3": "",
    "4": "",
  },
  "space": Object {
    "l": 20,
    "m": 16,
    "s": 12,
    "xl": 24,
    "xs": 8,
    "xxl": 32,
    "xxs": 4,
    "xxxl": 40,
    "xxxs": 2,
  },
}
`;

exports[`DesignSystem - tokens with brandToken fn 1`] = `
Object {
  "breakpoint.0": "40em",
  "breakpoint.1": "52em",
  "breakpoint.2": "64em",
  "breakpoint.3": "80em",
  "focus": "white 0px 0px 0px 1px, 0px 0px 2px 3px black",
  "font.fontSize.l": 22,
  "font.fontSize.m": 16,
  "font.fontSize.s": 13,
  "font.fontSize.xl": 26,
  "font.fontSize.xs": 11,
  "font.fontSize.xxl": 36,
  "font.fontSize.xxxl": 0,
  "font.fontSize.xxxxl": 0,
  "font.fontSize.xxxxxl": 0,
  "font.lineHeight.dense": 1.25,
  "font.lineHeight.none": 1.12,
  "font.lineHeight.normal": 1.375,
  "palette.red50": "red",
  "primaryColor": "red",
  "shadow.1": "",
  "shadow.2": "",
  "shadow.3": "",
  "shadow.4": "",
  "space.l": 20,
  "space.m": 16,
  "space.s": 12,
  "space.xl": 24,
  "space.xs": 8,
  "space.xxl": 32,
  "space.xxs": 4,
  "space.xxxl": 40,
  "space.xxxs": 2,
}
`;

exports[`DesignSystem - tokens with brandToken object 1`] = `
Object {
  "breakpoint.0": "40em",
  "breakpoint.1": "52em",
  "breakpoint.2": "64em",
  "breakpoint.3": "80em",
  "focus": "white 0px 0px 0px 1px, 0px 0px 2px 3px black",
  "font.fontSize.l": 22,
  "font.fontSize.m": 16,
  "font.fontSize.s": 13,
  "font.fontSize.xl": 26,
  "font.fontSize.xs": 11,
  "font.fontSize.xxl": 36,
  "font.fontSize.xxxl": 0,
  "font.fontSize.xxxxl": 0,
  "font.fontSize.xxxxxl": 0,
  "font.lineHeight.dense": 1.25,
  "font.lineHeight.none": 1.12,
  "font.lineHeight.normal": 1.375,
  "palette.red50": "red",
  "primaryColor": "red",
  "shadow.1": "",
  "shadow.2": "",
  "shadow.3": "",
  "shadow.4": "",
  "space.l": 20,
  "space.m": 16,
  "space.s": 12,
  "space.xl": 24,
  "space.xs": 8,
  "space.xxl": 32,
  "space.xxs": 4,
  "space.xxxl": 40,
  "space.xxxs": 2,
}
`;
