// Jest Snapshot v1, https://goo.gl/fbAQLP

exports[`Properties compute - with token no resolve 1`] = `"color: #hex;"`;

exports[`Properties compute - with token resolve (deep) 1`] = `"font-size: 13px;"`;

exports[`Properties compute - with token resolve 1`] = `"opacity: 0;"`;

exports[`Properties compute - with token resolve non nullish value 1`] = `"opacity: 0;"`;

exports[`Properties compute - with token(boolean) no resolve 1`] = `""`;

exports[`Properties compute - with token(boolean) resolve 1`] = `
"
      &&:focus{
        box-shadow: white 0px 0px 0px 1px, 0px 0px 2px 3px black;
        position: relative;
        z-index: 2;
      }
    "
`;

exports[`Properties compute - with token(number) resolve 1`] = `"box-shadow: 1;"`;

exports[`Properties compute - without token 1`] = `"display: block;"`;
